// Jest Snapshot v1, https://goo.gl/fbAQLP

exports[`Pagination rendering from erb renders layout 1`] = `
<Pagination
  className=""
  defaultToFullPage={false}
  firstPage={1}
  isCompact={false}
  isDisabled={false}
  isSticky={false}
  itemCount={21}
  itemsEnd={null}
  itemsStart={null}
  offset={0}
  onFirstClick={[Function]}
  onLastClick={[Function]}
  onNextClick={[Function]}
  onPageInput={[Function]}
  onPerPageSelect={[Function]}
  onPreviousClick={[Function]}
  onSetPage={[Function]}
  ouiaSafe={true}
  page={1}
  perPage={5}
  perPageOptions={
    Array [
      Object {
        "title": "5",
        "value": 5,
      },
      Object {
        "title": "10",
        "value": 10,
      },
      Object {
        "title": "15",
        "value": 15,
      },
      Object {
        "title": "25",
        "value": 25,
      },
      Object {
        "title": "50",
        "value": 50,
      },
    ]
  }
  titles={
    Object {
      "currPage": "Current page",
      "items": "items",
      "itemsPerPage": "Items per page",
      "optionsToggle": "Items per page",
      "page": "page",
      "paginationTitle": "Pagination",
      "perPageSuffix": "per page",
      "toFirstPage": "Go to first page",
      "toLastPage": "Go to last page",
      "toNextPage": "Go to next page",
      "toPreviousPage": "Go to previous page",
    }
  }
  toggleTemplate={[Function]}
  variant="bottom"
  widgetId="pagination-options-menu"
/>
`;

exports[`Pagination rendering from js renders correctly 1`] = `
<Pagination
  className=""
  data={
    Object {
      "itemCount": 52,
      "viewType": "list",
    }
  }
  disableNext={false}
  disablePrev={false}
  dropdownButtonId="pagination-row-dropdown"
  isPF4={true}
  onPageSet={[Function]}
  onPerPageSelect={[Function]}
  pagination={
    Object {
      "page": 2,
      "perPage": 20,
      "perPageOptions": Array [
        5,
        10,
        25,
      ],
    }
  }
/>
`;
